18<br>
<h1>Hello!</h1>
<p>DRRTY's first program!</p>
