<!DOCTYPE html><html><head><link rel="stylesheet" href="printbig.css"></head><body><div class="newel">This element will have a different color</div>
