<img src="https://pixabay.com/get/g781bf2ccd11ce6dbe24dd2d79a8710e0579919de494322600ef539360719c402beb209d191f7793b4a61b92fd18b17c4f1069321d27076c991ab4392487b2b8c0315270c5f0f2fdb70be85b1f65af096_1280.png">
