<img class="imgClass" src="https://as1.ftcdn.net/jpg/00/33/17/90/220_F_33179059_DAZeqcO1edV3WBODcrL9RGQ39todSjBV.jpg">
