<li class="">Rania</li>
<li class="">Trinity</li>
<li class="">Dylan</li>
<li class="">Richard</li>
