<h1>This is the first separated header</h1>
<hr class=""></hr>
<h1>This is the other separated header</h1>
