<!DOCTYPE html><html><head><link rel="stylesheet" href="printbig.css"></head><body><h1>"Umm we've been lazy so we haven't been using Github..."</h1>
<h2 class="lazy-or-stupid">"That's not lazy, that's stupid!" -Prof Edwards </h2><img class="smallClass" src="1.jpeg">
<div class="bigClass"></div>
<img class="smallClass" src="1.jpeg">
<div class="bigClass"></div>
<img class="smallClass" src="1.jpeg">
<div class="bigClass"></div>
<img class="smallClass" src="1.jpeg">
<div class="bigClass"></div>
<img class="smallClass" src="2.jpeg">
<div class="bigClass"></div>
<img class="smallClass" src="2.jpeg">
<div class="bigClass"></div>
<img class="smallClass" src="2.jpeg">
<div class="bigClass"></div>
<img class="smallClass" src="3.jpeg">
<div class="bigClass"></div>
<img class="smallClass" src="3.jpeg">
<div class="bigClass"></div>
<img class="smallClass" src="3.jpeg">
<div class="bigClass"></div>
<img class="smallClass" src="3.jpeg">
<div class="bigClass"></div>
<img class="smallClass" src="4.jpeg">
<div class="bigClass"></div>
<img class="smallClass" src="4.jpeg">
<div class="bigClass"></div>
<img class="smallClass" src="4.jpeg">
<div class="bigClass"></div>
