<!DOCTYPE html><html><head><link rel="stylesheet" href="printbig.css"></head><body><div class="smallClass"></div>
<div class="bigClass"></div>
<div class="smallClass"></div>
<div class="bigClass"></div>
<div class="smallClass"></div>
<div class="bigClass"></div>
<div class="smallClass"></div>
<div class="bigClass"></div>
<div class="smallClass"></div>
<div class="bigClass"></div>
<div class="smallClass"></div>
<div class="bigClass"></div>
<div class="smallClass"></div>
<div class="bigClass"></div>
<div class="smallClass"></div>
<div class="bigClass"></div>
<div class="smallClass"></div>
<div class="bigClass"></div>
<div class="smallClass"></div>
<div class="bigClass"></div>
<div class="smallClass"></div>
<div class="bigClass"></div>
<div class="smallClass"></div>
<div class="bigClass"></div>
<div class="smallClass"></div>
<div class="bigClass"></div>
<div class="smallClass"></div>
<div class="bigClass"></div>
<div class="smallClass"></div>
<div class="bigClass"></div>
<div class="smallClass"></div>
<div class="bigClass"></div>
<div class="smallClass"></div>
<div class="bigClass"></div>
<div class="smallClass"></div>
<div class="bigClass"></div>
<div class="smallClass"></div>
<div class="bigClass"></div>
<div class="smallClass"></div>
<div class="bigClass"></div>
<div class="smallClass"></div>
<div class="bigClass"></div>
<div class="smallClass"></div>
<div class="bigClass"></div>
<div class="smallClass"></div>
<div class="bigClass"></div>
<div class="smallClass"></div>
<div class="bigClass"></div>
<div class="smallClass"></div>
<div class="bigClass"></div>
<div class="smallClass"></div>
<div class="bigClass"></div>
<div class="smallClass"></div>
<div class="bigClass"></div>
<div class="smallClass"></div>
<div class="bigClass"></div>
<div class="smallClass"></div>
<div class="bigClass"></div>
<div class="smallClass"></div>
<div class="bigClass"></div>
<div class="smallClass"></div>
<div class="bigClass"></div>
<div class="smallClass"></div>
<div class="bigClass"></div>
<div class="smallClass"></div>
<div class="bigClass"></div>
<div class="smallClass"></div>
<div class="bigClass"></div>
<div class="smallClass"></div>
<div class="bigClass"></div>
<div class="smallClass"></div>
<div class="bigClass"></div>
<div class="smallClass"></div>
<div class="bigClass"></div>
<div class="smallClass"></div>
<div class="bigClass"></div>
<div class="smallClass"></div>
<div class="bigClass"></div>
<div class="smallClass"></div>
<div class="bigClass"></div>
<div class="smallClass"></div>
<div class="bigClass"></div>
<div class="smallClass"></div>
<div class="bigClass"></div>
<div class="smallClass"></div>
<div class="bigClass"></div>
<div class="smallClass"></div>
<div class="bigClass"></div>
<div class="smallClass"></div>
<div class="bigClass"></div>
<div class="smallClass"></div>
<div class="bigClass"></div>
<div class="smallClass"></div>
<div class="bigClass"></div>
<div class="smallClass"></div>
<div class="bigClass"></div>
<div class="smallClass"></div>
<div class="bigClass"></div>
<div class="smallClass"></div>
<div class="bigClass"></div>
