<h1>Log the names and numbers below!</h1>
<p>Name</p>
<input class="">
<button class="">Submit</button>
<p>Phone Number</p>
<input class="">
<button class="">Submit</button>
<p>Name</p>
<input class="">
<button class="">Submit</button>
<p>Phone Number</p>
<input class="">
<button class="">Submit</button>
<p>Name</p>
<input class="">
<button class="">Submit</button>
<p>Phone Number</p>
<input class="">
<button class="">Submit</button>
