<h1>Hello There!</h1>
<h2>My name is Rania</h2>
<h2>This is a Drrty test!</h2>
