110<br>
90<br>
1000<br>
10<br>
0<br>
1<br>
1<br>
0<br>
1<br>
1<br>
0<br>
0<br>
75<br>
25<br>
1250<br>
2<br>
0<br>
1<br>
1<br>
0<br>
1<br>
1<br>
0<br>
0<br>
