<h1>This is the header for my form!</h1>
<p>Please enter your name in here</p>
<input class="">
<button class="">Submit</button>
