FAILED
  ./test-global-var.exe failed on ./test-global-var.exe
