<span>Hello</span><br>
<span>Hello</span><br>
<span>Hello</span><br>
<span>Hello</span><br>
