<h1>Meet the DRRTY Team!</h1>
<h2>Dylan</h2>
<li>Manager</li>
<img src='https://cdn.pixabay.com/photo/2021/12/16/20/13/ducks-6875155__340.jpg'>
<h2>Richard</h2>
<li>Language Guru</li>
<img src='https://cdn.pixabay.com/photo/2021/10/08/06/45/seagulls-6690361__340.jpg'>
<h2>Rania</h2>
<li>Tester</li>
<img src='https://cdn.pixabay.com/photo/2021/11/06/22/05/camels-6774540__340.jpg'>
<h2>Trinity</h2>
<li>System Architect</li>
<img src='https://cdn.pixabay.com/photo/2021/11/16/08/01/animal-6800387__340.jpg'>
