<h1>Bob the Builder</h1>
<h2>Builder</h2>
<p>Bob the Builder builds houses and has a very positive attitude</p>
<img src='data:image/jpeg;base64,/9j/4AAQSkZJRgABAQAAAQABAAD/2wCEAAkGBxMTEhUSEhIVFRUXGBcXFxcVFRUXFxgVFxcXFhcVFRUYHSggGBolHRUVITEhJSkrLi4uFx8zODMsNygtLisBCgoKDg0OGxAQGy0lHyUtLS0tLS0tLS0tLS0tLS0tLS0tLS0tLS0tLS0tLS0tLS0tLS0tLS0tLS0tLS0tLS0tLf/AABEIAKgBLAMBIgACEQEDEQH/xAAcAAACAgMBAQAAAAAAAAAAAAAFBgMEAAIHAQj/xABCEAABAwIDBgMECAQFAwUAAAABAAIDBBEFEiEGMUFRYYETInEHMpGhFCNCUnKxwdEkgpLhFRYzYvBDsvE0VKLC0v/EABsBAAIDAQEBAAAAAAAAAAAAAAMEAgUGAQcA/8QAOxEAAQMCAwQHBwMDBAMAAAAAAQACAwQREiExBUFhcRMiUYGRobEGFDIzwdHwQuHxFSNyYpKisiRSU//aAAwDAQACEQMRAD8AOELVSlRkLVhecrR40SftK3VOb9yUNpExTHrJyi+YE27GH6gJjCWdh3fUpkVbUfNKt26LCvCsXhCEolY4KGVSFauCkFBy2p4ybAbymmlpxG23H7R6obs/T6GQ9QP1KI1c1tFmtu14jYW3yGvE7grnZlLhb0h1PkFpLMoTIoS9eXXm01S+RxcSrsBSGRYCtQtwEsXE6rq9AXpbpZe2XrV0DNdK0wk6n0A+BI/RX5ChuH6SvHfsURkKvqV//jHmUE6qFyjKlcoiqydECwFWo3KopoymtmVLon2UZG3CE7U4GKhgI0lj1Y7mOLD0P5paqZyGC41G+66C9twlLa6ANjdJbo7oeB7r0CgqruETt+bT6ju1HDklCcK5fijSZi7rcKSOS5824araWMnX4IdVBwaTff8AktE7qtU2alZWyGSQNvojMEJDdOSBYQw6uKPQz20XzPhUXhaQPcSbqCIXLvQq1UPNiRyVCkkNnei7+pQOiVpZckrrK9RVJkcACqkdKZJiOqIUUHhTgdVKjq3xMw2BaboM0DX9a+aa6Le2/RezG8/dSkWcD6KBzwZhprqoE9a6+AVHbGm92T0RTCpCYmm/BVtr/wD04UGB1loWhQhzLhyXH6BN5C8sty1ZZOXWFUUjdEo7SjROMm5KO0zdEzTHrJmk+aExbAu+pTOUo+z0nw04EpCq+aVcDfzXi1WBYCgLi1K1DSTYb1IrGGsvIDy1XJJAxpcdwJXWR43hvamCNoY0NHAIbO+5Vipn0Q4uXme36i5Ed+J5rUx5aLe6maFFG1TtCy7iEZYApApo6Rx4W9VMKK29yfg2RWyjE2M27T1R/wArL4vaN6qgLYNVjLEN5/NeOqI+AumRs5kXzZYwezFc+ABUcR3AqqBaa/Nn5H+6sErw1cd75RfndaSVbD9oBEJha04JAc7gZjzcB5L6zt4WzlpZRGYffXonH3h8QkXvY455efpdSsRuW62aVo2ZvHXupbsPG3xUo4RfE2RvIm3/AGAHmuXPYpo3Kni1E2Rjo3e69pae+49jqrbY+Rv8lvMzSy1NIZujxEZtsQciLjdcZZ6HPRLyAHJcOqYnRl0b9HNcWH1BsbdECxWe/lHonT2nUhZM2Vugkbc/jZ5T8sqQaYl0muq3Ec7Z2Nc39QuoMHVzRSnZZgty1V2KQEW4rxthyUZs0FyZOS7a62rakMblBuVFhwIaSVXooS9xcdwCKxMFnAclxpQXWSxQv/iO6tVL/wCIB6qjRm1SQeauSAfSOeqAzNreZRO1NEMt7KpHOBLr1WRus4clA0Xk+KPvQnDcrG1c4dALKrhDPqmqvtOLRablJhE31TVCA/3HDkpPYLCy6EQsAW5WpTKwSilbolTaSPypuISxtKPKUzTnrItPlIFe2A/0032SdsD7p7pxSlV80q43nmvAsctrLRLhcIWXVyhdYOd6BU7L2eTLFbmSkNqydHSPPIeJCboGF0471PJVXNgrVPATrw5n90Nie2PVwzPPDcG/iP6IbiO1DG6Fxefut90fovMaq9RMTYngPr2evJainpZH/CE1maNvHOemg+KjkxjLuysHb8yucVm0sz9G2YOmp+JQ9zpJN5e71JKPFTTtzaQz/HX/AHfF59ytY9lEjrn6/suiVO08bfemb/UD8ghk+1sY3Fx9G/ulGPDJTujPwQXabFPoT2xPjLnubmIBtZpNgSeZsUVmyxK6zi5x4n739UV1LTQtxPd6fQJ9m2uHBrz3AVSTbA3/ANI93/2QrZ/DnVkLZ4dWuuNd4I3gouNjpz91GbstgywHz+iKGUY3jxUJ2vfwhH9f9lF/nN4/6A/rP7K+3YeX74HZa/5KOazn/JEOzYxrH6/dfXo+0earx7ZOO+H4O/spm7XjjE7+ofsiLthmBvlkN+qpnYqTg4fBcOzGf/M+J+6iDRO3+ZC2j2sjO+OQdgf1VqPaaA/bI9QVS/ybMOIQvaHCZKOnkqHtzBlrNG8kmw9BzKgdktP6XeKi6Okt8XmnKjxpjvdlB/nF/gikOKuHG/quS7HynEGvyR5Xx2zNvfR17EHsUzR4dVw6tDrDhqR8EL+lTQOLoiQfDzH2SxpoJW3a8G/b+fRFdvaI1NMTEPrGHNl4ltvMG9eNlyrCCNSV1PC8Uz6PGV43j9QkfFqURzzNaNM7iLcM3m/Vab2YrpHufTyjNouO82OWnHJVNVT9CVRldqFXrajMQxq9k4lV8Nh8xeey1WbjZKnLJHqVobHbitaY6E35qjUl9rjcrlC7yXRAbkoT0tGPNU91NGD4+vNeQO/ie6mqD9fpzSzR8P8AkUS9ro3exBVCnn+s+KvNHNC4zaQnojuyIUQcSKYq0OpSTwVXBY/qmq9WvBoifVCcMnIjAUYh/cPJcJJ0XTgvHBYWrUFMrBrx25LG0XulNBKWdovdKYp/jRIfjCt7Be4e6b0l7BP0PqnNL1fzSrgL0leFYQiNFCxtnPGZx1a3hbm5JSSNjbcpiCnfO/C1DY2EmwF/29UI2w2gjo4bl0bphqyLNd1z9ogXsAL2unaSsO45QDplsLW5G64/7Tdjmwn6XTttG4/WMG5rj9po4NPJVFZO2oZgc3q5HXsV9R7NETsV7nd2JWk2pqqmVrXOysLvdZcX/E7eU24Zh+cjNuSZs9GDJrw3LoGEyWIuqh0EQOFrQAtPRY2wk3RuiwSIDVvdGqaijG5oVKkkRKIorIWDclZnvOpKtRMbwAXGPbNgFR9NFTHE58b2MALGlwDmaFjgN3PrddlaVajkTTTY5JGRodkUv+zyKf6L4tTGyKSZ5lMbGZGsBAaAGfZuGg26pqCiapAVNCK8qJLC6A/Sczy7t2VjH6rK0N4uNvldDKJJzvJeGpuCOzMXajcBuFahdwVWmCsEcU1GyyC/VSoHtzh01RQTw05Ilc3y2Ns1jcsud2YZh3RxjrhbKYuEKy5T7E9nqindUy1EL4gWsjaHjKXEEuJA5DTXqupFbOKjciam5XwaBkErbV5IQKixu1wDso3tOmvey53U1Jke55+0SfjuXR9tmXpZR/t09bgD5ohLspSSRta+FrXZWjNGS03AAvyPcItO2KnkMob1nWB5D8z7lOcFzGgnL8+64fXVF/KFfhAYwXCs7U7MPo6gBxzxuuWPta44tdycNEKqpy52UKzjeC3EOSSe0gosK1r2ZbKSFtmIRmDABxRSnkzABMApVwsl+jF6jupC7+I7qaGmyzE9Sqkbv4julw2waD2ldxapjzeZC3tBcUSff5IXH7x52RXa2XI1YxSe1KGjitsLjPhtQvGJ7xhoU1BM/IEKNwxlMFq6uCvCsWWTa8+WrholnaL3Smd50S1tCPKUen+JTiPXC02B4+qeikTYA6u9U92Qqv5iuQczzXgd+qu4TJ4gMnPUdBwCon9FFs7WBhMLjYt8uvTcR6iypNoZBp3X+i0OxAHMltrke7+UcnguNQhrqUTRSwP1aQQPQ/sUYkNxYKKGANv1VaWZq4bIQ30XF27OOp5TmuCCeGhHqjVE6xCP7bVLCWtB8w39EsRu1Vc44XkXWigGKEHDa+5NtDIjMaWcNm3Jggk0TTCqyeOxV5hUzCqrHKxGjBIuCsscpLqBq3up3QSEvbZ3DI3jc13mtwBG9UsOqwQDf+6Y5iDodQdLIPNszGTmie6PoNR8ErJGS/EFZQSx9GGSZcUTgrW23qWXEWAb9VQg2fdxmJ/kCvUmFRxnNq53N36DcjsLzusl5BAMwSe4/Wyu018uqmKizL0lFKUIzXpUTyty5QSFdBXQENxKi8ceHcAZmE/ha4OI7gW7o21nHiqlAbuceQt8f/CINXXZqUjjp2fVLu3OHieil08zAZG+rBf5i47rjdBEPfPZdt2sqhFSTuJ+w5o/E4ZQPmuGy1FmhvRWNCbAk7vVKTjqghV62TM/oj9E4ANQ1tMModzVmI+6nmNIvdIuzXlR/q39UHpj/Ed0Ta8+Jr1QmDSo7qDz8PNcAyKaHHTshHhHM4joic8mnZQ09iD2U7XKg12FCsXjsG9lbhIsFZ2mhAazsq0UTbKDRmbI4ffNdRLlqXKkZStfFPJHxs7VhOjcrrilvaF3lKKuldyQ+vpDICEWOaNpuSpxsIcCUP8AZ+/zO9V0G6T9msM8BxPNM7atCnlbI67VYmVuIq1dV6ila+xvlcNzhoR+IcQpI3A7lhS72MkaWuzCYp6qSB4lidYjf+ZEcCoJsTkgjc91pGsFyWh2a3PLxskvHPai5zSynZa49936BPVkjY/7P2vc6SmeGE6+G4eW/HK4e6Oliq2o2dl/aJ5X9D+60dFt1jzaoa0Hc4A27xc28LIHgeLGZpzkl4PmJ3m/FFo0isdJS1FpGFrmmzmnQ5enPmCnmF4cA5pu1wuDzCoZoixxyW3oqnpY7E5jzG4+CKUM1kx0U+iU47hGMNn5rkb7FcqIbi6Z4Xq3GUIpp+aIxvTjSqaVlirrCvZDpoo2FS3RUqUs0+0tO+Z8PjsEjHFrmE2IINiNd/ZMMEgI0IXIfbNsg4u/xGnbdpAE4aNWuGgksOBGhPMdVzih2lrIRaOplaOWYkdrrjWHULskzAbOBHLP7eq+r2FaTztaC57g0DeXEAAepXzE7b3ESLfS5O1r/GyqRVNZXSshMssr5HBrQ5ziLnpwA39lPC/h+dyCZYr5X8APqvpfCsYiqi8wPD2Mdlc9vu5rXytPHtzRO6EbNYMyipoqWPXILuPFz3aud3PysihK6iHNY4qpVzWBUsslkmbaYuWxmNjrPdpcbwOJQ3yCMYipjC0Y3mwGqG0O3ZFXM0NvGDYHWxy6X7m6aTtxCG3sb8rFcsp4GtFmgD9T1Uxdqqs1kmLq6KpqNrlx6rBbde9++xTHtRj7qluU6M0IA58ykibV4Ruo0aSUJp4rvJWo2S1xhaXak3Ssc75GYn6q/K/ygKKFtiFtM5bAahWq6CtJ22eChc0Vpr9UQdL5rKCp98eqE4DLmutRO9wfRR0lrm3RaNk0I6KKmu0n1Ugc1EhWtphcNHooI4LABWdoW3DHeirlyi3eujsT8Hhel4VJlSFt4uu9Y7pX9qoslcJC1a4KLxQsEgtvUhI8DVfEAqwSFRkls6ylDhzVSoN3BFjmeXDNQeBZHMO3K6VRwzciC0kHwBQYFqonuUrionJgKZyQ7EsKhqG5Z42vHAkeYfhcNQhNLstHECIZHhvBjzmseJB3i6YnOUQUZaeOUWeL/nbqmaTaFRSODoXkW3bvDRLD4i1xaQQQrETrItiDIi0+K4MA+2XBpHc8OiS6naenikyeM2Vv32A2HR2lu4us3VbLfDdzc2+f79y9D2ft+CsbZ3Vdvvp3HTxTlS1O66L01SClOgxKOQAseHehRON54FKNJCeliDgm2CS6s3SzTVpCL09aDxTDXKslgc3Nax1GWV0TwC143EaEHQgjikHH/Y8ySRz6ScRtdr4b2lwaeTXA7uhXQa2mbKN9iNxVMPqIza2YfEKTCWqDoWzAZi+8H1C5oz2LVN9amIbtzXH14p72O2ApsOd4xeZZbWDnADKDvDGjnz3opHiE50yfL/nJXIIzo+U3I1A4D+6L0l0E0wjO7uzPndWWXPmI3/ktZ5QAqtRiAGg4JOx/a5rDlZ9Y4m3lPlbfmePopRsfI7CwXRAz9TsgjuL4uGC9/QLn2MzF5zO3lEp2yOOZ9xu4aWPLVeVWBTSNzRtLwBfQtJtzA3qmqWzmQh7SLXy/jXuVFtJ9TMQGxuEYOtteJ+n7pfaVnicSoppbdD/zgqvj3NkGGIyGzd6rC3FkilXPmjFlVpLNHqqdbiDWgNUmHEv9F6HSUzGQDrC4FrIrbsAbbJXahui3pdDryWlW2wssZxUN6PdQTaOUD33eD1XsjtSoifN3Q3HREGivE71LTOvu5hQNb5SvMNkNyOqg+Rsd3OyAC47S6M45qGi3JUsvRE3g6Fys/QmnXRU42/TA5g27Ul7y0GxU3iM+8tXzNvo5c9Na/wC8V4ax/wB4rn9Jd2ofuXFP7ph95bmZtveXPfpr/vFefTH/AHipjZLu1fe5cU/wThzveXlTXMa8C6Qm1jxucUUwWhkneL3sjxbJJNgVB9KGi5K6ThFQHe7uRgqnhlAI2gdFfsrFrGsyCTEdlGVqVuVJ9EdYufZjRrd3L0Ui4NFyixwySmzGk8kPlCC7SYmaeAubbO45WAniePYIhieJRtLWx5nEgkk6Cw3fFKO1VBJI3xh5nA3IG7LwsOirarbUEBwA3dxvYffl6LQ7P9mJ3Sh1T1W9l8zw4Ids2I6174agHxR5m5rkuHEtV/EvZpcXidfoUNp3vijbO2PzBwfE7/cw6j8LhmafVdkwKVksLJo/cka14/mF7eo3dl2Gu96aelaMQy5hWO06J9DKA03YdNPBcDxDYyqpzmDXt6sJ/RVxtBXQaeIXAfeF7d19JzUzToQClvGdjaedpHhhpN9RzQn08b+fH76oMVZg0uORy8NFyGj9o8zdJImu6tJH53TBQe0KF1szJG9gfySztFsXLTSuZYlli5h5gbweoQaKFwG75KslaxpLd4V9TuneATmDne32susxbcU418a34gQrsftApv8A3Ef9RXF3wuIILlrhUTc+R7GuubA9eCgAQ02KI63SBrmZHK99/muxVntMpW7pr6bmNc75pZxb2pvItBF3k/8AyEMp8AduEYHZS4js1Znikbt/p/ZA97jxAOP5yR3UDrWaWg/nG3kpsNnqsQteR5adCG6NHQgJ72d2IbHZ0gDj+SXPZXIIql9PwkaXx34OZ7zfgb9l12Nui00FUOhHR5dvbxWV2k2aOYxSHRJu3dC6KJk0Ly0MIa5o3HNuJHrp3Sphe0kkZOfztsQMtmkEjguqYxR+LBJH95pA9d4+YC4nMwtJB0I0Pqq2ra3GHuzWj9nyyopXQuAu099jp53TngFW+oYxlTBHIBfJI9oNzuyuPrxVF+zVJ4xjkbLTu1sGjM3Xc4ZtbdFPsncwOv7uezfXKM1vkmjD5zJZrjct56nTqqp20+jlLHNBI0IyPee3j5LtdTxF78bAQOzK3Ea94tqlet9kzJGiSCozjgHDLr1PD0Q52x1VTNN4XWHEeYfLgi2MYzLBVyNikyknMdSGkEDTLu4K/Q7cyN/1HsPTLe55XbuVhHJIT0kUhAOeZv3G+viq2T2fkewOjORzAzv6ELn2KBw3jiqccvlcur0+I09e/LLHD7t7Fr7kjfYi1t44objfs9Y9p+inK7flc64PpfUK1ZWt+F7hituIVfLsySE4H68cv2XNKYg3vzUD3+buiVfgM9O4MmYWHeOIPoeKHsiu8Jq9wLJJzSw2KvU7tCD0U+FkZu6gcLFZRP8AMfUqp2yT0Fu0pd56pTJM64WkVSQLKnG+/FbXWRYwDIqsmbfNe/5JctDsY5dRLAvMgXpwn/0hfY5P/Zcr/wAmPWp2PfuXUywclKyhLgXWs0aknQADqV33hoGYC618zzZuZXLqTY119U74FgoiAAFyizKmmbe8rXEcGkW+PFVajaJvuw2B42tf4b7JWWvbbC1XNPsKsnzlyHL8CL0+FSO1Nmjmf2Vz/DomC7iX/IFK7dt4o2Br3Fzhe7Wi+o3gncl7Gtu5Hk+C1rBwJJc7uBpz5rP1W0pzdsYt5K4pfZp5dbD3n89EwVe2EcUzo2w+7xG+2hvqquK10lVlYMsbXEZib6jhu4JQw6sdLUSOkdmc9g1tb3OFvQ/JNEEf1bTdVFVtSeMBm+wz9VoW0kVKW4GAOHfnbXs8kI2kvAWPifmvdjszdByyjh3S+/EJXaOldbkDYfAJqxmDPE9gGoGYeoSaoU85mBe62LfkrWha1zLuzPHyUkNUWMdC7VuYPYeRJ8w9Cnf2Y4vlz0btzbyRfgJ87ezjf+Zc/mG5EMMrTTzxVA3MeM/Ixu8rwexv2VhRv6OUHcdUvtagbPSPY3UdYc13VrgtntVekkuAf1Vq/JXjhYrzRrrhLm0+HB8eY7xqP1HcLkFRTBj3sI91xHwK75NT5gQfXcuS4xgz3107BZuuYX4ggWIVVtGNoPTcLHu0+3cFrvZmsw44nnIDEPEX88+9LPggqJ1K0eYDVozD+Ugn5XTbHsk++sjQoMZ2fMEJla/UaEW0yu8p/NVIqYrgNdmtPJUwSdQG5OmW9MkD2mON9h52BxP5/NV66aJ0b2uc3VpG8JGp5XGJgLnWtqLmwINnAD1C9cOqH/TgHF2Ljolo6G4Di5V6HEDBU001/cnaHfhd5XfIlfQtOQRpr1XC6lueglaALxuzDnvDl2DZSqbJTxvaSQ5rXDjoReyv9nSh8b26FrvoM1lvaQO95a8jcR4Iw4Llu0OERvnqQCWPa8nm3K4BwJHDiuqOXONtGllYeAngsfxDMB/2j4qVeHGAluoz/O5B2BI5tS5rTYlp8iD6XQPAtphDC2J0dw3MQQdSXOLruB9QOyvx7VQ5rlkouNbZLfmkwnUrdpVDJSxSPLnDM65rdO2dCXE2OfFEcbqmy1D3xFxbZovlI3Dkdypukv1TLsg20b32HmdYdco1+aKTYbDLq+MX6aH4hQfXsgeY8JsMteHH7pcVbYT0drhuV9/ggWwrj9KFj/033v6BPLayzhc3G5IeJD6FMwwOuSxxcHgOFnGwHDfZW4tq5JPIKdma3vNJsP8AdlO74oVWHzBssZyty3ntySlVA6of0zB1SO2yYNstqYhF4BiZK420dc5R9641B5LmUkbQ4PaLDle9j+ymqmvEjhJfNoSb3vfUareCMOBB6/orvZ9W6AAyOu235bvSW1Nm00OzXSAZtzxZ9o8lRimBdqo6OTznuikmCWaXN1QGIlsljvCarKmKqp+ob28VhMbXtOFGoRrYHejdLQOyhLbJrOaeqeaRwyD0WZqCWAJGcm4snErQqQqGqlyMfJlLsgJDR9o8AvQsQGZXY4XSvEbMyTYd6nEkcTRJM4NbwB49fRB9o8YinheYqh2UtIy2cBYj7OmqVqyolrXvFVKKeJp3H3zY+61rdbcP3WVWIRNytjeCAd+UjTv6LNzH3y5nOFv6RfPnxPl2L0TZmw20wAzLt5Ay7zhPkgWHULy0OJIHy9UZgjLAQ11r8tPid6P4SyCpjLGODJm3PJrgddRw5KlNSObcFtiCqGse5khYSLcFbmpLnFr9RuPrx5pQxSItk/FqO+9U0ybRU7fBzXaHMNxqLkHeLJepoZJBdjCbcbWHxTEMmKPEd2SfhqGFtypaKXJI13I/I6FPU1dFFGA9wBtcC9zb0S3R7OhzbySG50yt/dB3tyEsO8GxQpI4qg5O01QXxsqZMjayYavaQE+SO+n2tAqGF4W2VrnvkIs+xYwC4B1Fifh2QslEsAmAkLb2zC3caj9R3ROiEUZEWR+yM+nETCY8j9PzemGPC6aMBwiJ8zLF7rnVw7IlNTxnM0saQ64sAOKX8erSGMA4uzemVE6SoBAdfeBf1VXKJHND3EnVVkkTyA9xOd/KyZ9k6suiY129oyH8TDlP5X7pkj3JF2WqPr5mDg4P7OFj/wBo+KeInBbyml6anZJvIF+ehWCr4TDVyM43HI5/VThyTdr4PDqYJwLB4dC89feZf4vTiCg+1FAZ4HMb792ub+JhuPS+o7oVXD00D2doy5olBOIahjnaaHkcvLVB25QP1Q7GAHwyt5sdb1AuPyXn0oXym+Yb2AOJHQgBSMBdcBkhBuPdNv8A5WWLhoqlxu2N3+132Wpu2I4nHxNlzuL3P5n/AP0P6leEozS7J1hNvDa0EkjMeduAv91G6b2fSG3iTADiGDX0uVq/cZzqLd4Vh/XaCMG8g1Ome/gl/Z8gmSJw0e0n4aLpWwEVqKCx0yD4gkIBF7NTmzfSJG6EeXKDY9bJ3wLC201PHA3URi1zvOpJPxKLSUroHPcSOtbLlf7hZnbm0YKsgQkmxvexG628BWnFI21Waona6KMuZT52yynRgcSPIz77hbW2gRzbXGvosBcDZ7i1gdYkR53BhlcBwaDfskGl2snFOKUxZIYwbVJuDUXe4tlja4bn+9x371ZQxNleGOAI33va3G34dLFUYfNDG6aEkPAIbYAnMW0II370tbR5aV+UnxCQHDLocrr6X4HypelxvNpZw9Ex4010tR5ojmsGZOPlNgdOeb5IJTRfWmzLNbxtqT+yp6tkLJ3hgyGmf5vutZszadfURxQzH+4WjGcItc7yQbXtr9LophO1xjaGFpsNwAROXbF4bcQyG3oL/qh1v+WVzCqXxJWttcXu78I3qolhgze5vPMrSupA1hc92m+w/dB5toHyOdK6OTO7gW6ADcB0CubN4x4eYzMBcTwNjYcNU8VNHC+4fEOWZnlcOoI390r4zg5iBc0iSPibWcPUceyi2phmbgtbgfQHRLROD7Ne4gDdbI+G9RxXq5Xyt8rSQOdrNA3q/X0McMOYOLnlwF+gAJ0VnZ90Qp9Mt7lzhyvwsgWMYl4rtNGt0aOnMoV3ulwtuGjz/lU23KwR0hhJviyA7ePbYetldw+tPHUJc2jaGzB43FFMLa47tyHbUUzwLkaJmBuGbmvPYbNlsCqDK0F7deK6XRP8jfRcYgls4HquqYLWgwtN1zacNmtspVjLWK6SoMQqTHDK9psWjNuuLA3IIPC11ixbWVgfG5p3g+inQG1TH/kPULndZhDJXl8bshfqWHVl+YubhC6zZox3c2cMPS+X4LFi8/hmkx4b5dy9YucQZfLz7jqq1DTVVnO0c1pykxuIOuoNuWi9/wAQO4yyMPIvcP1WLE815c5w0t+6NjLHuYc7HfmfFY0Dfe/W902UUrXR6HXl6r1Ylaw3bmi1TRgBWfSGsFtLjVLeL1DXPzNNydCLfNYsUKZgvdQibh6w1UDYXn7Lv6SrMWFzHXLbjdxsvVinJO5trKUlS9trWVeoxFsz7uLW28thc7t5v1K8GPPjPhtfu3WbckLFisIqaOSURu07lVSVj2xg2H53pv8AZ+yqkq3TvDxE6FzS5zcgLszcthvPFdLhCxYtE2nbA0Rs0CwtfUuqJjI4AHTLTLndWQVTrqzLYCxceB4DiVixVu1Znw0ckjDYgZHvA+qDE0OkAKrSR5tXWPYK9HRtsPKOaxYqT2arqmd0rZZHOAAtc3tqjVUMYsQ0eC2lj1B4DmpWrFi1hKTAsVIvLr1YoohSHtaZmyk3NtMtri3QJIxeCZuV0hcQQQ0uJNuNhfcL8F4sV5Rv6rch4cEmXESW4o3j1TavinaARLSRHduzNkjJbysbJSp8JcWh7SCTvad+lwCCsWLC7SlcyTLiP+Tl6BsrqwteNf5Whjc02cCD1TZsrRHw3SjedB6LFirqxx6C/bZXdZM73cHtIRNwv6pU2hqTnMf2RYn13hYsStEAZTwF1CjAMluF0Em03aX19RpvVV71ixXAFysP7SSuftB4OjbAeF/UptwWMCMdV5X5ZAWOFxuXqxK1PzOSxsfxOPFczxaj8KUjhfRH8LxXLGAvFitC0SxNLldu68bSV//Z'>
